main.c:127:5:main	136	static
main.c:229:6:SystemClock_Config	88	static
main.c:273:13:MX_ADC2_Init	24	static
main.c:339:13:MX_DAC_Init	16	static
main.c:383:13:MX_TIM3_Init	64	static
main.c:442:13:MX_USART1_UART_Init	8	static
main.c:475:13:MX_GPIO_Init	24	static
main.c:498:6:pwm	48	static
main.c:510:6:StartTask1	56	static
main.c:584:6:StartTask2	56	static
main.c:655:6:StartTask3	56	static
main.c:723:6:print	64	static
main.c:757:6:StartTask4	24	static
main.c:795:6:HAL_TIM_PeriodElapsedCallback	16	static
main.c:812:6:Error_Handler	4	static
